[shypr.io/index.html]
[backblue.gif]
[fade.gif]
[index.html]
[shypr.io/wp-content/uploads/worldlogo-1.png]
[shypr.io/wp-content/themes/astra/assets/css/minified/main.mine100.css]
[shypr.io/wp-content/plugins/autocomplete-location-field-contact-form-7/assents/css/style8a54.css]
[shypr.io/wp-content/plugins/contact-form-7/includes/css/stylesa950.css]
[shypr.io/wp-content/themes/astra/assets/css/minified/compatibility/contact-form-7-main.mine100.css]
[shypr.io/comments/feed/index.html]
[shypr.io/wp-content/plugins/date-time-picker-for-contact-form-7/assets/css/jquery.datetimepicker.min8a54.css]
[shypr.io/feed/index.html]
[shypr.io/wp-content/plugins/ultimate-addons-for-contact-form-7/assets/css/uacf7-frontendadc6.css]
[shypr.io/wp-content/plugins/ultimate-addons-for-contact-form-7/assets/css/form-styleadc6.css]
[shypr.io/wp-content/plugins/ultimate-addons-for-contact-form-7/addons/column/grid/columnsadc6.css]
[shypr.io/wp-content/plugins/ultimate-addons-for-contact-form-7/addons/multistep/assets/css/multistepadc6.css]
[shypr.io/wp-content/plugins/elementor/assets/css/frontend-lite.mindcff.css]
[shypr.io/wp-content/plugins/essential-addons-for-elementor-lite/assets/front-end/css/view/general.minde0e.css]
[shypr.io/wp-content/uploads/essential-addons-elementor/eael-2189bcf8.css]
[shypr.io/wp-content/plugins/elementor/assets/lib/eicons/css/elementor-icons.mine94d.css]
[shypr.io/wp-content/plugins/elementor/assets/lib/swiper/v8/css/swiper.min94a4.css]
[shypr.io/wp-content/uploads/elementor/css/post-10c285.css]
[shypr.io/wp-content/uploads/elementor/css/global0a6a.css]
[shypr.io/wp-content/uploads/elementor/css/post-2189e06e.css]
[shypr.io/wp-content/uploads/essential-addons-elementor/eael-383bcf8.css]
[shypr.io/wp-content/uploads/elementor/css/post-3830a6a.css]
[shypr.io/wp-content/uploads/elementor/css/post-4030a6a.css]
[shypr.io/wp-content/plugins/metform/public/assets/lib/cute-alert/style6f61.css]
[shypr.io/wp-content/plugins/metform/public/assets/css/text-editor6f61.css]
[shypr.io/wp-content/plugins/elementskit-lite/modules/elementskit-icon-pack/assets/css/ekiticons55a0.css]
[shypr.io/wp-includes/css/dashicons.minadc6.css]
[shypr.io/wp-content/plugins/elementskit-lite/widgets/init/assets/css/widget-styles55a0.css]
[shypr.io/wp-content/plugins/elementskit-lite/widgets/init/assets/css/responsive55a0.css]
[shypr.io/wp-content/plugins/royal-elementor-addons/assets/css/lib/animations/text-animations.min63ac.css]
[shypr.io/wp-content/plugins/royal-elementor-addons/assets/css/frontend.min63ac.css]
[shypr.io/wp-content/plugins/elementor/assets/lib/font-awesome/css/all.minde0e.css]
[shypr.io/wp-content/plugins/elementor/assets/lib/font-awesome/css/fontawesome.min52d5.css]
[shypr.io/wp-content/plugins/elementor/assets/lib/font-awesome/css/regular.min52d5.css]
[shypr.io/wp-content/plugins/elementor/assets/lib/font-awesome/css/solid.min52d5.css]
[shypr.io/wp-content/plugins/elementor/assets/lib/font-awesome/css/brands.min52d5.css]
[shypr.io/wp-includes/js/jquery/jquery.minf43b.js]
[shypr.io/wp-includes/js/jquery/jquery-migrate.min5589.js]
[shypr.io/wp-json/wp/v2/pages/2189.json]
[shypr.io/wp-json/index.html]
[shypr.io/xmlrpc0db0.php]
[shypr.io/wp-json/oembed/1.0/embed7532.json]
[shypr.io/wp-json/oembed/1.0/embed5199]
[shypr.io/wp-content/uploads/2022/09/cropped-Shypr-retina-1-32x32.png]
[shypr.io/wp-content/uploads/2022/09/cropped-Shypr-retina-1-192x192.png]
[shypr.io/wp-content/uploads/2022/09/cropped-Shypr-retina-1-180x180.png]
[shypr.io/wp-content/uploads/2022/09/cropped-cropped-SHYPR-LOGO-2-e1659769212429-165x62-1.png]
[shypr.io/about-us/index.html]
[shypr.io/logistics-partner-registration-form/index.html]
[shypr.io/delivery-agent-onboarding-for-job/index.html]
[shypr.io/contact-us/index.html]
[shypr.io/https_/shypr.io/wp-content/uploads/Shypr-Video-1.png]
[shypr.io/wp-content/uploads/VID-20230905-WA0036.mp4]
[shypr.io/wp-content/uploads/worldlogo-7.png]
[shypr.io/wp-content/uploads/worldlogo-2.png]
[shypr.io/wp-content/uploads/worldlogo-4.png]
[shypr.io/wp-content/uploads/worldlogo-5.png]
[shypr.io/wp-content/uploads/worldlogo-3.png]
[shypr.io/wp-content/uploads/5-1024x1024.png]
[shypr.io/wp-content/plugins/elementor/assets/css/widget-icon-box.min.css]
[shypr.io/wp-content/uploads/2023/03/Hardware-shypr-icon.png]
[shypr.io/wp-content/uploads/2023/03/Extra-large-products-Moving-shypr-icon.png]
[shypr.io/wp-content/uploads/2023/03/Food-Catering-shypr-icon.png]
[shypr.io/wp-content/uploads/2023/03/Documents-Legal-services-shypr-icon.png]
[shypr.io/wp-content/uploads/2023/03/Flowers-Plants.png]
[shypr.io/wp-content/uploads/2023/03/Cosmetics-Beauty-Products.png]
[shypr.io/wp-content/uploads/2023/03/Auto-Parts-Tools-shypr-icon.png]
[shypr.io/wp-content/plugins/elementor/assets/css/widget-icon-list.min.css]
[shypr.io/wp-content/uploads/rate-1.png]
[shypr.io/wp-content/uploads/fast-delivery-1.png]
[shypr.io/wp-content/uploads/efficient.png]
[shypr.io/wp-content/uploads/driver.png]
[shypr.io/wp-content/uploads/tracking.png]
[shypr.io/wp-content/uploads/track.png]
[shypr.io/wp-content/uploads/elementor/thumbs/home-delivery-1-ql62obx53p3mmoca10ryr0emen1tyz42jazf9286l4.png]
[shypr.io/wp-content/uploads/elementor/thumbs/driver-ql62obx53p3mmoca10ryr0emen1tyz42jazf9286l4.png]
[shypr.io/wp-content/uploads/elementor/thumbs/analysis-ql62obx53p3mmoca10ryr0emen1tyz42jazf9286l4.png]
[shypr.io/wp-content/uploads/elementor/thumbs/operation-ql62obx53p3mmoca10ryr0emen1tyz42jazf9286l4.png]
[shypr.io/wp-content/uploads/elementor/thumbs/gps-ql62obx53p3mmoca10ryr0emen1tyz42jazf9286l4.png]
[shypr.io/wp-content/uploads/elementor/thumbs/analytics-1-ql62obx53p3mmoca10ryr0emen1tyz42jazf9286l4.png]
[shypr.io/wp-content/uploads/elementor/thumbs/target-ql62obx53p3mmoca10ryr0emen1tyz42jazf9286l4.png]
[shypr.io/wp-content/uploads/elementor/thumbs/location-ql62obx53p3mmoca10ryr0emen1tyz42jazf9286l4.png]
[shypr.io/wp-content/uploads/elementor/thumbs/cost-ql62obx53p3mmoca10ryr0emen1tyz42jazf9286l4.png]
[shypr.io/wp-content/uploads/e-c-300x300.png]
[shypr.io/wp-content/uploads/e_commerce-removebg-preview-1-300x300.png]
[shypr.io/wp-content/uploads/43024299909-300x300.png]
[shypr.io/wp-content/uploads/23665139_bwink_tsp_01_single_11-removebg-preview-300x300.png]
[shypr.io/wp-content/uploads/2022/09/logo__5_-removebg-preview-1-300x150.png]
[shypr.io/wp-content/plugins/fluentform/assets/css/fluent-forms-elementor-widgetffe1.css]
[shypr.io/blog/index.html]
[shypr.io/wp-content/plugins/elementor/assets/lib/font-awesome/css/v4-shims.minde0e.css]
[shypr.io/privacy-policy/index.html]
[shypr.io/terms-and-condition/index.html]
[shypr.io/wp-content/plugins/elementor/assets/lib/animations/animations.mindcff.css]
[shypr.io/faq/index.html]
[shypr.io/wp-content/plugins/fluentform/assets/css/fluent-forms-publicffe1.css]
[shypr.io/wp-content/plugins/fluentform/assets/css/fluentform-public-defaultffe1.css]
[shypr.io/wp-content/themes/astra/assets/js/minified/frontend.mine100.js]
[shypr.io/wp-content/plugins/contact-form-7/includes/swv/js/indexa950.js]
[shypr.io/wp-content/plugins/contact-form-7/includes/js/indexa950.js]
[shypr.io/wp-content/plugins/date-time-picker-for-contact-form-7/assets/js/jquery.datetimepicker.full.minadc6.js]
[shypr.io/wp-content/plugins/date-time-picker-for-contact-form-7/assets/js/datetimepicker8a54.js]
[js.hs-scripts.com/455439303194.js]
[shypr.io/wp-content/plugins/ultimate-addons-for-contact-form-7/addons/redirection/js/redirect.js]
[shypr.io/wp-content/plugins/ultimate-addons-for-contact-form-7/addons/conditional-field/js/uacf7-cf-script47aa.js]
[shypr.io/wp-content/plugins/ultimate-addons-for-contact-form-7/addons/multistep/assets/js/multistep.js]
[shypr.io/wp-content/plugins/ultimate-addons-for-contact-form-7/addons/multistep/assets/js/progressbar.js]
[shypr.io/wp-content/plugins/ultimate-addons-for-contact-form-7/addons/pre-populate-field/assets/js/pre-populate.js]
[shypr.io/wp-content/plugins/essential-addons-for-elementor-lite/assets/front-end/js/view/general.minde0e.js]
[shypr.io/wp-content/uploads/essential-addons-elementor/eael-2189bcf8.js]
[shypr.io/wp-content/uploads/essential-addons-elementor/eael-383bcf8.js]
[shypr.io/wp-content/plugins/royal-elementor-addons/assets/js/lib/particles/particles7c45.js]
[shypr.io/wp-content/plugins/royal-elementor-addons/assets/js/lib/jarallax/jarallax.minf184.js]
[shypr.io/wp-content/plugins/royal-elementor-addons/assets/js/lib/parallax/parallax.min5152.js]
[shypr.io/wp-content/plugins/metform/public/assets/lib/cute-alert/cute-alert6f61.js]
[shypr.io/wp-content/plugins/elementskit-lite/libs/framework/assets/js/frontend-script55a0.js]
[shypr.io/wp-content/plugins/elementskit-lite/widgets/init/assets/js/widget-scripts55a0.js]
[www.google.com/recaptcha/api469d.js]
[shypr.io/wp-includes/js/dist/vendor/wp-polyfill-inert.min0226.js]
[shypr.io/wp-includes/js/dist/vendor/regenerator-runtime.min6c85.js]
[shypr.io/wp-includes/js/dist/vendor/wp-polyfill.min2c7c.js]
[shypr.io/wp-content/plugins/contact-form-7/modules/recaptcha/indexa950.js]
[shypr.io/wp-content/plugins/elementor/assets/lib/font-awesome/js/v4-shims.minde0e.js]
[shypr.io/wp-content/plugins/fluentform/assets/js/form-submissionffe1.js]
[shypr.io/wp-content/plugins/elementor/assets/js/webpack.runtime.mindcff.js]
[shypr.io/wp-content/plugins/elementor/assets/lib/waypoints/waypoints.min05da.js]
[shypr.io/wp-content/plugins/elementor/assets/js/frontend-modules.mindcff.js]
[shypr.io/wp-includes/js/jquery/ui/core.min3f14.js]
[shypr.io/wp-content/plugins/elementor/assets/js/frontend.mindcff.js]
[shypr.io/wp-content/plugins/elementskit-lite/widgets/init/assets/js/animate-circle.min55a0.js]
[shypr.io/wp-content/plugins/elementskit-lite/widgets/init/assets/js/elementor55a0.js]
[shypr.io/wp-content/plugins/royal-elementor-addons/assets/js/frontend.min63ac.js]
[shypr.io/index.html]
[shypr.io/wp-content/themes/astra/assets/css/minified/main.mine100.css]
[shypr.io/wp-content/plugins/autocomplete-location-field-contact-form-7/assents/css/style8a54.css]
[shypr.io/wp-content/plugins/contact-form-7/includes/css/stylesa950.css]
[shypr.io/wp-content/themes/astra/assets/css/minified/compatibility/contact-form-7-main.mine100.css]
[shypr.io/wp-content/plugins/date-time-picker-for-contact-form-7/assets/css/jquery.datetimepicker.min8a54.css]
[shypr.io/wp-content/plugins/ultimate-addons-for-contact-form-7/assets/css/uacf7-frontendadc6.css]
[shypr.io/wp-content/plugins/ultimate-addons-for-contact-form-7/assets/css/form-styleadc6.css]
[shypr.io/wp-content/plugins/ultimate-addons-for-contact-form-7/addons/column/grid/columnsadc6.css]
[shypr.io/wp-content/plugins/ultimate-addons-for-contact-form-7/addons/multistep/assets/css/multistepadc6.css]
[shypr.io/wp-content/plugins/elementor/assets/css/frontend-lite.mindcff.css]
[shypr.io/wp-content/plugins/essential-addons-for-elementor-lite/assets/front-end/css/view/general.minde0e.css]
[shypr.io/wp-content/uploads/essential-addons-elementor/eael-2189bcf8.css]
[shypr.io/wp-content/plugins/royal-elementor-addons/assets/js/modal-popups.min63ac.js]
[shypr.io/wp-content/plugins/elementor/assets/lib/eicons/fonts/eiconsc63f.woff2]
[shypr.io/wp-content/plugins/elementor/assets/lib/eicons/fonts/eiconsc63f.woff]
[shypr.io/wp-content/plugins/elementor/assets/lib/eicons/fonts/eiconsc63f.ttf]
[shypr.io/wp-content/plugins/elementor/assets/lib/eicons/fonts/eiconsc63f.svg]
[shypr.io/wp-content/plugins/elementor/assets/lib/eicons/css/elementor-icons.mine94d.css]
[shypr.io/wp-content/plugins/elementor/assets/lib/swiper/v8/css/swiper.min94a4.css]
[shypr.io/wp-content/uploads/elementor/css/post-10c285.css]
[shypr.io/wp-content/uploads/elementor/css/global0a6a.css]
[shypr.io/wp-content/uploads/2022/09/Group-107.png]
[shypr.io/wp-content/uploads/home-2.jpg]
[shypr.io/wp-content/uploads/elementor/css/post-2189e06e.css]
[shypr.io/wp-content/uploads/essential-addons-elementor/eael-383bcf8.css]
[shypr.io/wp-content/uploads/elementor/css/post-3830a6a.css]
[shypr.io/wp-content/uploads/elementor/css/post-4030a6a.css]
[shypr.io/wp-content/plugins/metform/public/assets/lib/cute-alert/style6f61.css]
[shypr.io/wp-content/plugins/metform/public/assets/css/text-editor6f61.css]
[shypr.io/wp-content/plugins/elementskit-lite/modules/elementskit-icon-pack/assets/fonts/elementskit97ac.woff]
[shypr.io/wp-content/plugins/elementskit-lite/modules/elementskit-icon-pack/assets/css/ekiticons55a0.css]
[shypr.io/wp-includes/fonts/dashicons7d4b.eot]
[shypr.io/wp-includes/fonts/dashicons7d4b.ttf]
[shypr.io/wp-includes/css/dashicons.minadc6.css]
[shypr.io/wp-content/plugins/elementor/assets/lib/eicons/fonts/eiconsc63f.eot]
[shypr.io/wp-content/plugins/elementskit-lite/widgets/init/assets/img/arrow.png]
[shypr.io/wp-content/plugins/elementskit-lite/widgets/init/assets/img/sort_asc.png]
[shypr.io/wp-content/plugins/elementskit-lite/widgets/init/assets/img/sort_desc.png]
[shypr.io/wp-content/plugins/elementskit-lite/widgets/init/assets/img/sort_asc_disabled.png]
[shypr.io/wp-content/plugins/elementskit-lite/widgets/init/assets/css/widget-styles55a0.css]
[shypr.io/wp-content/plugins/elementskit-lite/widgets/init/assets/css/responsive55a0.css]
[shypr.io/wp-content/plugins/royal-elementor-addons/assets/css/lib/animations/text-animations.min63ac.css]
[shypr.io/wp-content/plugins/royal-elementor-addons/assets/css/frontend.min63ac.css]
[shypr.io/wp-content/plugins/elementskit-lite/widgets/init/assets/img/cross-out.svg]
[shypr.io/wp-content/plugins/elementor/assets/lib/font-awesome/webfonts/fa-brands-400.eot]
[shypr.io/wp-content/plugins/elementor/assets/lib/font-awesome/webfonts/fa-brands-400d41d.eot]
[shypr.io/wp-content/plugins/elementor/assets/lib/font-awesome/webfonts/fa-brands-400.woff2]
[shypr.io/wp-content/plugins/elementor/assets/lib/font-awesome/webfonts/fa-brands-400.woff]
[shypr.io/wp-content/plugins/elementor/assets/lib/font-awesome/webfonts/fa-brands-400.ttf]
[shypr.io/wp-content/plugins/elementor/assets/lib/font-awesome/webfonts/fa-brands-400.svg]
[shypr.io/wp-content/plugins/elementor/assets/lib/font-awesome/webfonts/fa-regular-400.eot]
[shypr.io/wp-content/plugins/elementor/assets/lib/font-awesome/webfonts/fa-regular-400d41d.eot]
[shypr.io/wp-content/plugins/elementor/assets/lib/font-awesome/webfonts/fa-regular-400.woff2]
[shypr.io/wp-content/plugins/elementor/assets/lib/font-awesome/webfonts/fa-regular-400.woff]
[shypr.io/wp-content/plugins/elementor/assets/lib/font-awesome/webfonts/fa-regular-400.ttf]
[shypr.io/wp-content/plugins/elementor/assets/lib/font-awesome/webfonts/fa-regular-400.svg]
[shypr.io/wp-content/plugins/elementor/assets/lib/font-awesome/webfonts/fa-solid-900.eot]
[shypr.io/wp-content/plugins/elementor/assets/lib/font-awesome/webfonts/fa-solid-900d41d.eot]
[shypr.io/wp-content/plugins/elementor/assets/lib/font-awesome/webfonts/fa-solid-900.woff2]
[shypr.io/wp-content/plugins/elementor/assets/lib/font-awesome/webfonts/fa-solid-900.woff]
[shypr.io/wp-content/plugins/elementor/assets/lib/font-awesome/webfonts/fa-solid-900.ttf]
[shypr.io/wp-content/plugins/elementor/assets/lib/font-awesome/css/all.minde0e.css]
[shypr.io/wp-content/plugins/elementor/assets/lib/font-awesome/css/fontawesome.min52d5.css]
[shypr.io/wp-content/plugins/elementor/assets/lib/font-awesome/css/regular.min52d5.css]
[shypr.io/wp-content/plugins/elementor/assets/lib/font-awesome/css/solid.min52d5.css]
[shypr.io/wp-content/plugins/elementor/assets/lib/font-awesome/css/brands.min52d5.css]
[shypr.io/wp-content/uploads/2022/09/fPMmpXJW_400x400.png]
[shypr.io/wp-content/plugins/elementor/assets/lib/font-awesome/webfonts/fa-solid-900.svg]
[shypr.io/wp-content/uploads/elementor/css/post-227c100.css]
[shypr.io/wp-content/uploads/essential-addons-elementor/eael-383bd64.css]
[shypr.io/wp-json/wp/v2/pages/227.json]
[shypr.io/wp-json/oembed/1.0/embed21df.json]
[shypr.io/wp-json/oembed/1.0/embedf2b4]
[shypr.io/wp-content/uploads/2022/09/20191212-S2463-scaled-removebg-preview-1-1-1-e1659780226508.png]
[shypr.io/wp-content/uploads/2022/09/Ellipse-1.png]
[shypr.io/wp-content/plugins/royal-elementor-addons/assets/css/lib/animations/wpr-animations.min63ac.css]
[shypr.io/wp-content/plugins/royal-elementor-addons/assets/css/lib/animations/button-animations.min63ac.css]
[shypr.io/wp-content/uploads/essential-addons-elementor/eael-383bd64.js]
[shypr.io/about-us/index.html]
[shypr.io/wp-content/plugins/elementor/assets/lib/jquery-numerator/jquery-numerator.min3958.js]
[shypr.io/wp-content/uploads/elementor/css/post-410288d.css]
[shypr.io/wp-content/uploads/essential-addons-elementor/eael-383ced9.css]
[shypr.io/wp-json/wp/v2/pages/410.json]
[shypr.io/wp-json/oembed/1.0/embed7910.json]
[shypr.io/wp-json/oembed/1.0/embed9d60]
[shypr.io/wp-content/plugins/fluentformpro-new/public/libs/intl-tel-input/css/intlTelInput.min85e8.css]
[shypr.io/wp-content/uploads/essential-addons-elementor/eael-383ced9.js]
[shypr.io/wp-content/plugins/fluentformpro-new/public/js/ff_gmapffe1.js]
[shypr.io/wp-content/plugins/fluentformpro-new/public/libs/intl-tel-input/js/intlTelInput.min85e8.js]
[shypr.io/logistics-partner-registration-form/index.html]
[shypr.io/wp-content/plugins/fluentformpro-new/public/libs/intl-tel-input/js/utils85e8.js]
[shypr.io/wp-content/uploads/elementor/css/post-236377a.css]
[shypr.io/wp-content/uploads/essential-addons-elementor/eael-38381bb.css]
[shypr.io/wp-json/wp/v2/pages/236.json]
[shypr.io/wp-json/oembed/1.0/embed6541.json]
[shypr.io/wp-json/oembed/1.0/embed8eb3]
[shypr.io/wp-content/uploads/essential-addons-elementor/eael-38381bb.js]
[shypr.io/wp-content/plugins/fluentformpro-new/public/libs/jQuery-File-Upload-10.32.0/js/vendor/jquery.ui.widget68b3.js]
[shypr.io/wp-content/plugins/fluentformpro-new/public/libs/jQuery-File-Upload-10.32.0/js/jquery.iframe-transport68b3.js]
[shypr.io/wp-content/plugins/fluentformpro-new/public/libs/jQuery-File-Upload-10.32.0/js/jquery.fileupload68b3.js]
[shypr.io/delivery-agent-onboarding-for-job/index.html]
[shypr.io/wp-content/plugins/fluentform/assets/js/fluentform-advancedffe1.js]
[shypr.io/wp-content/uploads/essential-addons-elementor/eael-3591334.css]
[shypr.io/wp-content/uploads/elementor/css/post-3593b74.css]
[shypr.io/wp-content/uploads/essential-addons-elementor/eael-3831334.css]
[shypr.io/wp-json/wp/v2/pages/359.json]
[shypr.io/wp-json/oembed/1.0/embed4173.json]
[shypr.io/wp-json/oembed/1.0/embed67f0]
[shypr.io/cdn-cgi/l/email-protection.html]
[shypr.io/cdn-cgi/scripts/5c5dd728/cloudflare-static/email-decode.min.js]
[shypr.io/contact-us/index.html]
[shypr.io/https_/shypr.io/wp-content/uploads/Shypr-Video-1.html]
[shypr.io/wp-content/plugins/elementor/assets/css/widget-icon-box.min.css]
[shypr.io/wp-content/plugins/elementor/assets/css/widget-icon-list.min.css]
[shypr.io/wp-content/uploads/essential-addons-elementor/eael-3831334.js]
[shypr.io/wp-content/uploads/5-1024x1024.png]
[shypr.io/wp-content/uploads/Messenger-pana-1024x1024.png]
[shypr.io/wp-content/uploads/VID-20230905-WA0036.mp4]
[shypr.io/wp-content/uploads/elementor/css/post-306578e4.css]
[shypr.io/wp-content/uploads/essential-addons-elementor/eael-3833468.css]
[shypr.io/wp-json/wp/v2/pages/3065.json]
[shypr.io/wp-json/oembed/1.0/embed853f.json]
[shypr.io/wp-json/oembed/1.0/embedd664]
[shypr.io/wp-content/uploads/1_4wXJNb-8T7pQygniOwI1cw-1.webp]
[shypr.io/wp-content/uploads/1_638-CLiHjHH1DVqqJa4yLw.webp]
[shypr.io/wp-content/uploads/0_vfDIMjLHVdYFdKs8.jpg]
[shypr.io/the-importance-of-last-mile-delivery-in-logistics/index.html]
[shypr.io/author/admin/index.html]
[shypr.io/wp-content/uploads/0_2OKbBwPCapGcPPgE.jpg]
[shypr.io/the-role-of-artificial-intelligence-in-logistics/index.html]
[shypr.io/wp-content/uploads/0_EJDjo5zl4xZRXxwd.jpg]
[shypr.io/the-rise-of-digitalization-how-logistics-service-providers-can-harness-technology-for-seamless-operations/index.html]
[shypr.io/wp-content/uploads/1_2g0GoMtFPkj-_HoJ9OxOBg.webp]
[shypr.io/green-logistics-driving-sustainability-in-the-supply-chain/index.html]
[shypr.io/wp-content/plugins/royal-elementor-addons/assets/css/lib/animations/wpr-link-animations.min63ac.css]
[shypr.io/supply-chain-risk-management-ensuring-resilience-in-an-uncertain-world/index.html]
[shypr.io/choosing-the-right-ai-based-logistics-provider-a-comprehensive-comparison-guide/index.html]
[shypr.io/wp-content/plugins/royal-elementor-addons/assets/css/lib/animations/loading-animations.min63ac.css]
[shypr.io/blog/page/2/index.html]
[shypr.io/wp-content/plugins/royal-elementor-addons/assets/css/lib/lightgallery/lightgallery.min63ac.css]
[shypr.io/wp-content/uploads/essential-addons-elementor/eael-3833468.js]
[shypr.io/wp-content/plugins/royal-elementor-addons/assets/js/lib/isotope/isotope.min6173.js]
[shypr.io/wp-content/plugins/royal-elementor-addons/assets/js/lib/slick/slick.minc245.js]
[shypr.io/blog/index.html]
[shypr.io/wp-content/plugins/royal-elementor-addons/assets/js/lib/lightgallery/lightgallery.mind203.js]
[shypr.io/wp-content/uploads/elementor/css/post-36cec.css]
[shypr.io/privacy-policy/feed/index.html]
[shypr.io/wp-content/uploads/essential-addons-elementor/eael-383ebfd.css]
[shypr.io/wp-json/wp/v2/pages/3.json]
[shypr.io/wp-json/oembed/1.0/embed8d92.json]
[shypr.io/wp-json/oembed/1.0/embed6b59]
[shypr.io/privacy-policy/index.html]
[shypr.io/wp-content/uploads/essential-addons-elementor/eael-383ebfd.js]
[shypr.io/wp-content/uploads/elementor/css/post-456a45d.css]
[shypr.io/wp-content/uploads/essential-addons-elementor/eael-383d74f.css]
[shypr.io/wp-json/wp/v2/pages/456.json]
[shypr.io/wp-json/oembed/1.0/embedfee4.json]
[shypr.io/wp-json/oembed/1.0/embed8d8d]
[shypr.io/terms-and-condition/index.html]
[shypr.io/wp-content/uploads/essential-addons-elementor/eael-383d74f.js]
[shypr.io/wp-content/uploads/12781055_5066368-1-1024x1024.jpg]
[shypr.io/wp-content/uploads/essential-addons-elementor/eael-28614dc2.css]
[shypr.io/wp-content/uploads/elementor/css/post-2861e166.css]
[shypr.io/wp-content/uploads/essential-addons-elementor/eael-3834dc2.css]
[shypr.io/wp-json/wp/v2/pages/2861.json]
[shypr.io/wp-json/oembed/1.0/embed3a8a.json]
[shypr.io/wp-json/oembed/1.0/embedceb9]
[shypr.io/wp-content/uploads/Call-center-bro-1024x1024.png]
[shypr.io/faq/index.html]
[shypr.io/wp-content/plugins/fluentform/assets/css/fluent-forms-elementor-widgetffe1.css]
[shypr.io/wp-content/plugins/elementor/assets/lib/font-awesome/css/v4-shims.minde0e.css]
[shypr.io/wp-content/plugins/elementor/assets/lib/animations/animations.mindcff.css]
[shypr.io/wp-content/plugins/fluentform/assets/css/fluent-forms-publicffe1.css]
[shypr.io/wp-content/plugins/fluentform/assets/css/fluentform-public-defaultffe1.css]
[shypr.io/wp-content/plugins/elementor/assets/lib/eicons/fonts/eiconsc63f.svg]
[shypr.io/wp-content/plugins/elementskit-lite/widgets/init/assets/img/cross-out.svg]
[shypr.io/wp-content/uploads/essential-addons-elementor/eael-3834dc2.js]
[shypr.io/wp-content/plugins/elementor/assets/lib/font-awesome/webfonts/fa-brands-400.svg]
[shypr.io/wp-content/plugins/elementor/assets/lib/font-awesome/webfonts/fa-regular-400.svg]
[shypr.io/wp-content/plugins/elementor/assets/lib/font-awesome/webfonts/fa-solid-900.svg]
[shypr.io/wp-content/uploads/elementor/css/post-227c100.css]
[shypr.io/wp-content/uploads/essential-addons-elementor/eael-383bd64.css]
[shypr.io/index9a88.html]
[shypr.io/wp-content/plugins/royal-elementor-addons/assets/css/lib/animations/wpr-animations.min63ac.css]
[shypr.io/wp-content/plugins/royal-elementor-addons/assets/css/lib/animations/button-animations.min63ac.css]
[shypr.io/wp-content/uploads/elementor/css/post-410288d.css]
[shypr.io/wp-content/uploads/essential-addons-elementor/eael-383ced9.css]
[shypr.io/index0ed6.html]
[shypr.io/wp-content/plugins/fluentformpro-new/public/libs/intl-tel-input/img/flags.png]
[shypr.io/wp-content/plugins/fluentformpro-new/public/libs/intl-tel-input/css/intlTelInput.min85e8.css]
[shypr.io/wp-content/uploads/elementor/css/post-236377a.css]
[shypr.io/wp-content/uploads/essential-addons-elementor/eael-38381bb.css]
[shypr.io/index0133.html]
[shypr.io/wp-content/uploads/essential-addons-elementor/eael-3591334.css]
[shypr.io/wp-content/uploads/elementor/css/post-3593b74.css]
[shypr.io/wp-content/uploads/essential-addons-elementor/eael-3831334.css]
[shypr.io/indexcaf0.html]
[shypr.io/cdn-cgi/l/email-protection.html]
[shypr.io/wp-content/uploads/essential-addons-elementor/eael-3591334.js]
[shypr.io/wp-content/uploads/elementor/css/post-306578e4.css]
[shypr.io/wp-content/uploads/essential-addons-elementor/eael-3833468.css]
[shypr.io/indexd39d.html]
[shypr.io/wp-content/uploads/VID-20230905-WA0036.mp4]
[shypr.io/the-importance-of-last-mile-delivery-in-logistics/feed/index.html]
[shypr.io/wp-includes/css/dist/block-library/style.minadc6.css]
[shypr.io/wp-content/uploads/essential-addons-elementor/eael-3834cf9.css]
[shypr.io/wp-json/wp/v2/posts/2858.json]
[shypr.io/wp-json/oembed/1.0/embedb7b3.json]
[shypr.io/wp-json/oembed/1.0/embed6649]
[shypr.io/category/blog/index.html]
[shypr.io/category/last-mile-logistics/index.html]
[miro.medium.com/v2/resize_fit_875/1_S_Dya6ivLcFNCXkERwOETQ.jpg]
[shypr.io/wp-includes/js/comment-reply.minadc6.js]
[shypr.io/the-importance-of-last-mile-delivery-in-logistics/index.html]
[shypr.io/wp-content/uploads/essential-addons-elementor/eael-3834cf9.js]
[shypr.io/wp-json/wp/v2/users/1]
[shypr.io/author/admin/feed/index.html]
[shypr.io/wp-content/uploads/0_xOziUaYxQ49U6RPZ.jpg]
[shypr.io/author/admin/index.html]
[shypr.io/the-last-mile-challenge-innovations-in-urban-logistics/index.html]
[shypr.io/wp-content/uploads/essential-addons-elementor/eael-3838e19.css]
[shypr.io/the-role-of-artificial-intelligence-in-logistics/feed/index.html]
[shypr.io/wp-json/wp/v2/posts/2855.json]
[shypr.io/wp-json/oembed/1.0/embed82e8.json]
[shypr.io/wp-json/oembed/1.0/embed9117]
[miro.medium.com/v2/resize_fit_875/1_638-CLiHjHH1DVqqJa4yLw.jpg]
[miro.medium.com/v2/resize_fit_875/1_dGLQudNNxDttiA9Xgwg3XA.jpg]
[shypr.io/the-role-of-artificial-intelligence-in-logistics/index.html]
[shypr.io/wp-content/uploads/essential-addons-elementor/eael-3838e19.js]
[shypr.io/wp-content/uploads/essential-addons-elementor/eael-3833ce8.css]
[shypr.io/the-rise-of-digitalization-how-logistics-service-providers-can-harness-technology-for-seamless-operations/feed/index.html]
[shypr.io/wp-json/wp/v2/posts/2852.json]
[shypr.io/wp-json/oembed/1.0/embed9cf1.json]
[shypr.io/wp-json/oembed/1.0/embed1fa0]
[shypr.io/the-rise-of-digitalization-how-logistics-service-providers-can-harness-technology-for-seamless-operations/index.html]
[shypr.io/wp-content/uploads/essential-addons-elementor/eael-3833ce8.js]
[shypr.io/wp-content/uploads/essential-addons-elementor/eael-38313e6.css]
[shypr.io/green-logistics-driving-sustainability-in-the-supply-chain/feed/index.html]
[shypr.io/wp-json/wp/v2/posts/2849.json]
[shypr.io/wp-json/oembed/1.0/embed8e31.json]
[shypr.io/wp-json/oembed/1.0/embedefc1]
[shypr.io/green-logistics-driving-sustainability-in-the-supply-chain/index.html]
[shypr.io/wp-content/uploads/essential-addons-elementor/eael-38313e6.js]
[shypr.io/wp-content/uploads/essential-addons-elementor/eael-383173c.css]
[shypr.io/choosing-the-right-ai-based-logistics-provider-a-comprehensive-comparison-guide/feed/index.html]
[shypr.io/wp-json/wp/v2/posts/2846.json]
[shypr.io/wp-json/oembed/1.0/embedc94e.json]
[shypr.io/wp-json/oembed/1.0/embed7ef7]
[shypr.io/choosing-the-right-ai-based-logistics-provider-a-comprehensive-comparison-guide/index.html]
[shypr.io/wp-content/uploads/essential-addons-elementor/eael-383173c.js]
[shypr.io/wp-content/uploads/essential-addons-elementor/eael-3830fa5.css]
[shypr.io/supply-chain-risk-management-ensuring-resilience-in-an-uncertain-world/feed/index.html]
[shypr.io/wp-json/wp/v2/posts/2843.json]
[shypr.io/wp-json/oembed/1.0/embed2599.json]
[shypr.io/wp-json/oembed/1.0/embed1323]
[shypr.io/supply-chain-risk-management-ensuring-resilience-in-an-uncertain-world/index.html]
[shypr.io/blog/page/2/index.html]
[shypr.io/wp-content/plugins/royal-elementor-addons/assets/css/lib/animations/wpr-link-animations.min63ac.css]
[shypr.io/wp-content/plugins/royal-elementor-addons/assets/css/lib/animations/loading-animations.min63ac.css]
[shypr.io/wp-content/uploads/essential-addons-elementor/eael-3830fa5.js]
[shypr.io/wp-content/plugins/royal-elementor-addons/assets/css/lib/lightgallery/fonts/lgd641.eot]
[shypr.io/wp-content/plugins/royal-elementor-addons/assets/css/lib/lightgallery/fonts/lgd41d.eot]
[shypr.io/blog/page/3/index.html]
[shypr.io/wp-content/plugins/royal-elementor-addons/assets/css/lib/lightgallery/fonts/lgd641.woff]
[shypr.io/wp-content/plugins/royal-elementor-addons/assets/css/lib/lightgallery/fonts/lgd641.ttf]
[shypr.io/wp-content/plugins/royal-elementor-addons/assets/css/lib/lightgallery/fonts/lgd641.svg]
[shypr.io/wp-content/plugins/royal-elementor-addons/assets/css/lib/lightgallery/img/vimeo-play.png]
[shypr.io/wp-content/plugins/royal-elementor-addons/assets/css/lib/lightgallery/img/video-play.png]
[shypr.io/wp-content/plugins/royal-elementor-addons/assets/css/lib/lightgallery/img/youtube-play.png]
[shypr.io/wp-content/plugins/royal-elementor-addons/assets/css/lib/lightgallery/img/loading.gif]
[shypr.io/wp-content/plugins/royal-elementor-addons/assets/css/lib/lightgallery/lightgallery.min63ac.css]
[shypr.io/wp-content/uploads/2022/09/Group-107-1.png]
[shypr.io/wp-content/uploads/elementor/css/post-36cec.css]
[shypr.io/wp-content/uploads/essential-addons-elementor/eael-383ebfd.css]
[shypr.io/index2207.html]
[shypr.io/xmlrpc.php]
[shypr.io/wp-content/uploads/elementor/css/post-456a45d.css]
[shypr.io/wp-content/uploads/essential-addons-elementor/eael-383d74f.css]
[shypr.io/index7014.html]
[shypr.io/wp-content/uploads/essential-addons-elementor/eael-28614dc2.css]
[shypr.io/wp-content/uploads/elementor/css/post-2861e166.css]
[shypr.io/wp-content/uploads/essential-addons-elementor/eael-3834dc2.css]
[shypr.io/index0262.html]
[shypr.io/wp-content/uploads/essential-addons-elementor/eael-28614dc2.js]
[shypr.io/wp-includes/css/dist/block-library/style.minadc6.css]
[shypr.io/wp-content/uploads/essential-addons-elementor/eael-3834cf9.css]
[shypr.io/index7b6d.html]
[shypr.io/wp-content/plugins/fluentformpro-new/public/libs/intl-tel-input/img/flags@2x.png]
[shypr.io/category/blog/index.html]
[shypr.io/wp-json/wp/v2/categories/1.json]
[shypr.io/category/blog/feed/index.html]
[shypr.io/category/last-mile-logistics/index.html]
[shypr.io/wp-json/wp/v2/users/1.json]
[shypr.io/wp-json/wp/v2/categories/45.json]
[shypr.io/category/last-mile-logistics/feed/index.html]
[shypr.io/wp-content/uploads/elementor/css/post-28405e2d.css]
[shypr.io/the-last-mile-challenge-innovations-in-urban-logistics/feed/index.html]
[shypr.io/wp-content/uploads/essential-addons-elementor/eael-383a437.css]
[shypr.io/wp-json/wp/v2/posts/2840.json]
[shypr.io/wp-json/oembed/1.0/embedde3d.json]
[shypr.io/wp-json/oembed/1.0/embedd772]
[shypr.io/the-last-mile-challenge-innovations-in-urban-logistics/index.html]
[shypr.io/wp-content/uploads/essential-addons-elementor/eael-3838e19.css]
[shypr.io/index7a2c.html]
[shypr.io/wp-content/uploads/essential-addons-elementor/eael-3833ce8.css]
[shypr.io/index0b9d.html]
[shypr.io/wp-content/uploads/essential-addons-elementor/eael-38313e6.css]
[shypr.io/index04c9.html]
[shypr.io/wp-content/uploads/essential-addons-elementor/eael-383173c.css]
[shypr.io/index689a.html]
[shypr.io/wp-content/uploads/essential-addons-elementor/eael-3830fa5.css]
[shypr.io/indexab62.html]
[shypr.io/blog/page/3/index.html]
[shypr.io/wp-content/plugins/royal-elementor-addons/assets/css/lib/lightgallery/fonts/lgd641.svg]
[shypr.io/wp-content/plugins/royal-elementor-addons/assets/css/lib/lightgallery/img/vimeo-play.html]
[shypr.io/wp-content/plugins/royal-elementor-addons/assets/css/lib/lightgallery/img/video-play.html]
[shypr.io/wp-content/plugins/royal-elementor-addons/assets/css/lib/lightgallery/img/youtube-play.html]
[shypr.io/wp-content/uploads/elementor/css/post-28405e2d.css]
[shypr.io/wp-content/uploads/essential-addons-elementor/eael-383a437.css]
[shypr.io/index2bfd.html]
[shypr.io/wp-content/uploads/essential-addons-elementor/eael-383a437.js]
